// Vitest Snapshot v1

exports[`FileTree > モジュールの一覧からファイルのツリー構造を生成 1`] = `
<DocumentFragment>
  <div
    class="FileTree__13fxlic0"
  >
    <details
      class="FileTree__13fxlic1"
    >
      <summary
        class="FileTree__13fxlic2"
      >
        src
      </summary>
      <details
        class="FileTree__13fxlic1"
      >
        <summary
          class="FileTree__13fxlic2"
        >
          components
        </summary>
        <details
          class="FileTree__13fxlic1"
        >
          <summary
            class="FileTree__13fxlic2"
          >
            FileTree
          </summary>
          <ul
            class="FileTree__13fxlic1"
          >
            <li>
              FileTree.tsx
            </li>
            <li>
              index.ts
            </li>
          </ul>
        </details>
        <ul
          class="FileTree__13fxlic1"
        >
          <li>
            Button.tsx
          </li>
        </ul>
      </details>
    </details>
  </div>
</DocumentFragment>
`;
