// Vitest Snapshot v1

exports[`FileTree > モジュールの一覧からファイルのツリー構造を生成 1`] = `
<DocumentFragment>
  <div
    class="FileTree__13fxlic0"
  >
    <details
      class="DirectoryEntry__1ofdrcr2"
    >
      <summary
        class="DirectoryEntry__1ofdrcr3 DirectoryEntry__1ofdrcr0"
      >
        src
      </summary>
      <details
        class="DirectoryEntry__1ofdrcr2"
      >
        <summary
          class="DirectoryEntry__1ofdrcr3 DirectoryEntry__1ofdrcr0"
        >
          components
        </summary>
        <details
          class="DirectoryEntry__1ofdrcr2"
        >
          <summary
            class="DirectoryEntry__1ofdrcr3 DirectoryEntry__1ofdrcr0"
          >
            FileTree
          </summary>
          <ul
            class="DirectoryEntry__1ofdrcr2"
          >
            <li
              class="DirectoryEntry__1ofdrcr0"
            >
              FileTree.tsx
            </li>
            <li
              class="DirectoryEntry__1ofdrcr0"
            >
              index.ts
            </li>
          </ul>
        </details>
        <ul
          class="DirectoryEntry__1ofdrcr2"
        >
          <li
            class="DirectoryEntry__1ofdrcr0"
          >
            Button.tsx
          </li>
        </ul>
      </details>
    </details>
  </div>
</DocumentFragment>
`;
